{
  "exit_code": 0,
  "stdout": "=== TOKENS ===\nVAR IDENTIFIER a EQUALS NUMBER 2.000000 PLUS NUMBER 3.000000 MULTIPLY NUMBER 4.000000 SEMICOLON VAR IDENTIFIER b EQUALS LEFT PARENS NUMBER 5.000000 PLUS NUMBER 6.000000 RIGHT PARENS MULTIPLY NUMBER 7.000000 SEMICOLON VAR IDENTIFIER c EQUALS IDENTIFIER a MINUS IDENTIFIER b DIVIDE NUMBER 2.000000 SEMICOLON \n\n=== AST ===\nPROGRAM\n  VAR_DECL: a\n    BINARY_OP: PLUS\n      NUMBER: 2.000000\n      BINARY_OP: MULTIPLY\n        NUMBER: 3.000000\n        NUMBER: 4.000000\n  VAR_DECL: b\n    BINARY_OP: MULTIPLY\n      BINARY_OP: PLUS\n        NUMBER: 5.000000\n        NUMBER: 6.000000\n      NUMBER: 7.000000\n  VAR_DECL: c\n    BINARY_OP: MINUS\n      IDENTIFIER: a\n      BINARY_OP: DIVIDE\n        IDENTIFIER: b\n        NUMBER: 2.000000\n",
  "stderr": "",
  "status": "pass"
}